../Core/Src/main.c:133:5:main	8	static
../Core/Src/main.c:225:6:SystemClock_Config	88	static
../Core/Src/main.c:272:13:MX_ADC1_Init	24	static
../Core/Src/main.c:324:13:MX_I2C1_Init	8	static
../Core/Src/main.c:358:13:MX_I2C3_Init	8	static
../Core/Src/main.c:392:13:MX_TIM3_Init	48	static
../Core/Src/main.c:454:13:MX_USART1_UART_Init	8	static
../Core/Src/main.c:487:13:MX_USART2_UART_Init	8	static
../Core/Src/main.c:518:13:MX_DMA_Init	16	static
../Core/Src/main.c:536:13:MX_GPIO_Init	48	static
../Core/Src/main.c:594:13:PID	8	static
../Core/Src/main.c:621:6:HAL_UART_RxCpltCallback	24	static
../Core/Src/main.c:635:5:__io_putchar	16	static
../Core/Src/main.c:645:6:Error_Handler	4	static,ignoring_inline_asm
